Release 14.7 - xst P.20131013 (nt64)
Copyright (c) 1995-2013 Xilinx, Inc.  All rights reserved.
--> Parameter TMPDIR set to xst/projnav.tmp


Total REAL time to Xst completion: 1.00 secs
Total CPU time to Xst completion: 0.38 secs
 
--> Parameter xsthdpdir set to xst


Total REAL time to Xst completion: 1.00 secs
Total CPU time to Xst completion: 0.38 secs
 
--> Reading design: hw3.prj

TABLE OF CONTENTS
  1) Synthesis Options Summary
  2) HDL Parsing
  3) HDL Elaboration
  4) HDL Synthesis
       4.1) HDL Synthesis Report
  5) Advanced HDL Synthesis
       5.1) Advanced HDL Synthesis Report
  6) Low Level Synthesis
  7) Partition Report
  8) Design Summary
       8.1) Primitive and Black Box Usage
       8.2) Device utilization summary
       8.3) Partition Resource Summary
       8.4) Timing Report
            8.4.1) Clock Information
            8.4.2) Asynchronous Control Signals Information
            8.4.3) Timing Summary
            8.4.4) Timing Details
            8.4.5) Cross Clock Domains Report


=========================================================================
*                      Synthesis Options Summary                        *
=========================================================================
---- Source Parameters
Input File Name                    : "hw3.prj"
Ignore Synthesis Constraint File   : NO

---- Target Parameters
Output File Name                   : "hw3"
Output Format                      : NGC
Target Device                      : xc7a100t-3-csg324

---- Source Options
Top Module Name                    : hw3
Automatic FSM Extraction           : YES
FSM Encoding Algorithm             : Auto
Safe Implementation                : No
FSM Style                          : LUT
RAM Extraction                     : Yes
RAM Style                          : Auto
ROM Extraction                     : Yes
Shift Register Extraction          : YES
ROM Style                          : Auto
Resource Sharing                   : YES
Asynchronous To Synchronous        : NO
Shift Register Minimum Size        : 2
Use DSP Block                      : Auto
Automatic Register Balancing       : No

---- Target Options
LUT Combining                      : Auto
Reduce Control Sets                : Auto
Add IO Buffers                     : YES
Global Maximum Fanout              : 100000
Add Generic Clock Buffer(BUFG)     : 32
Register Duplication               : YES
Optimize Instantiated Primitives   : NO
Use Clock Enable                   : Auto
Use Synchronous Set                : Auto
Use Synchronous Reset              : Auto
Pack IO Registers into IOBs        : Auto
Equivalent register Removal        : YES

---- General Options
Optimization Goal                  : Speed
Optimization Effort                : 1
Power Reduction                    : NO
Keep Hierarchy                     : No
Netlist Hierarchy                  : As_Optimized
RTL Output                         : Yes
Global Optimization                : AllClockNets
Read Cores                         : YES
Write Timing Constraints           : NO
Cross Clock Analysis               : NO
Hierarchy Separator                : /
Bus Delimiter                      : <>
Case Specifier                     : Maintain
Slice Utilization Ratio            : 100
BRAM Utilization Ratio             : 100
DSP48 Utilization Ratio            : 100
Auto BRAM Packing                  : NO
Slice Utilization Ratio Delta      : 5

=========================================================================


=========================================================================
*                          HDL Parsing                                  *
=========================================================================
Parsing VHDL file "T:/Shweta/643 Spring 2016/HW3/multiplier.vhd" into library work
Parsing entity <multiplier>.
Parsing architecture <behavioral> of entity <multiplier>.
Parsing VHDL file "T:/Shweta/643 Spring 2016/HW3/hw3.vhd" into library work
Parsing entity <hw3>.
Parsing architecture <behavioral> of entity <hw3>.

=========================================================================
*                            HDL Elaboration                            *
=========================================================================

Elaborating entity <hw3> (architecture <behavioral>) with generics from library <work>.

Elaborating entity <multiplier> (architecture <behavioral>) with generics from library <work>.

=========================================================================
*                           HDL Synthesis                               *
=========================================================================

Synthesizing Unit <hw3>.
    Related source file is "T:/Shweta/643 Spring 2016/HW3/hw3.vhd".
        DATA_WIDTH = 32
        MATRIX_SIZE = 5
    Found 64-bit adder for signal <n0125> created at line 95.
    Found 64-bit adder for signal <n0128> created at line 95.
    Found 64-bit adder for signal <n0131> created at line 95.
    Found 64-bit adder for signal <y_val<4>> created at line 95.
    Found 64-bit adder for signal <n0137> created at line 86.
    Found 64-bit adder for signal <n0140> created at line 86.
    Found 64-bit adder for signal <n0143> created at line 86.
    Found 64-bit adder for signal <y_val<3>> created at line 86.
    Found 64-bit adder for signal <n0149> created at line 77.
    Found 64-bit adder for signal <n0152> created at line 77.
    Found 64-bit adder for signal <n0155> created at line 77.
    Found 64-bit adder for signal <y_val<2>> created at line 77.
    Found 64-bit adder for signal <n0161> created at line 67.
    Found 64-bit adder for signal <n0164> created at line 67.
    Found 64-bit adder for signal <n0167> created at line 67.
    Found 64-bit adder for signal <y_val<1>> created at line 67.
    Found 64-bit adder for signal <n0173> created at line 58.
    Found 64-bit adder for signal <n0176> created at line 58.
    Found 64-bit adder for signal <n0179> created at line 58.
    Found 64-bit adder for signal <y_val<0>> created at line 58.
    Summary:
	inferred  20 Adder/Subtractor(s).
Unit <hw3> synthesized.

Synthesizing Unit <multiplier>.
    Related source file is "T:/Shweta/643 Spring 2016/HW3/multiplier.vhd".
        DATA_WIDTH = 32
    Found 32x32-bit multiplier for signal <p> created at line 14.
    Summary:
	inferred   1 Multiplier(s).
Unit <multiplier> synthesized.

=========================================================================
HDL Synthesis Report

Macro Statistics
# Multipliers                                          : 25
 32x32-bit multiplier                                  : 25
# Adders/Subtractors                                   : 20
 64-bit adder                                          : 20

=========================================================================

=========================================================================
*                       Advanced HDL Synthesis                          *
=========================================================================


Synthesizing (advanced) Unit <hw3>.
	The following adders/subtractors are grouped into adder tree <Madd_y_val<4>_Madd1> :
 	<Madd_n0128_Madd> in block <hw3>, 	<Madd_n0131_Madd> in block <hw3>, 	<Madd_y_val<4>_Madd> in block <hw3>.
	The following adders/subtractors are grouped into adder tree <Madd_y_val<2>_Madd1> :
 	<Madd_n0152_Madd> in block <hw3>, 	<Madd_n0155_Madd> in block <hw3>, 	<Madd_y_val<2>_Madd> in block <hw3>.
	The following adders/subtractors are grouped into adder tree <Madd_y_val<3>_Madd1> :
 	<Madd_n0140_Madd> in block <hw3>, 	<Madd_n0143_Madd> in block <hw3>, 	<Madd_y_val<3>_Madd> in block <hw3>.
	The following adders/subtractors are grouped into adder tree <Madd_y_val<1>_Madd1> :
 	<Madd_n0164_Madd> in block <hw3>, 	<Madd_n0167_Madd> in block <hw3>, 	<Madd_y_val<1>_Madd> in block <hw3>.
	The following adders/subtractors are grouped into adder tree <Madd_y_val<0>_Madd1> :
 	<Madd_n0176_Madd> in block <hw3>, 	<Madd_n0179_Madd> in block <hw3>, 	<Madd_y_val<0>_Madd> in block <hw3>.
Unit <hw3> synthesized (advanced).

=========================================================================
Advanced HDL Synthesis Report

Macro Statistics
# Multipliers                                          : 25
 32x32-bit multiplier                                  : 25
# Adders/Subtractors                                   : 20
 32-bit adder                                          : 15
 64-bit adder                                          : 5

=========================================================================

=========================================================================
*                         Low Level Synthesis                           *
=========================================================================

Optimizing unit <hw3> ...

Mapping all equations...
Building and optimizing final netlist ...
Found area constraint ratio of 100 (+ 5) on block hw3, actual ratio is 1.

Final Macro Processing ...

=========================================================================
Final Register Report

Found no macro
=========================================================================

=========================================================================
*                           Partition Report                            *
=========================================================================

Partition Implementation Status
-------------------------------

  No Partitions were found in this design.

-------------------------------

=========================================================================
*                            Design Summary                             *
=========================================================================

Top Level Output File Name         : hw3.ngc

Primitive and Black Box Usage:
------------------------------
# BELS                             : 1587
#      GND                         : 1
#      LUT2                        : 320
#      LUT3                        : 160
#      LUT4                        : 160
#      MUXCY                       : 465
#      VCC                         : 1
#      XORCY                       : 480
# IO Buffers                       : 320
#      IBUF                        : 160
#      OBUF                        : 160
# DSPs                             : 50
#      DSP48E1                     : 50

Device utilization summary:
---------------------------

Selected Device : 7a100tcsg324-3 


Slice Logic Utilization: 
 Number of Slice LUTs:                  640  out of  63400     1%  
    Number used as Logic:               640  out of  63400     1%  

Slice Logic Distribution: 
 Number of LUT Flip Flop pairs used:    640
   Number with an unused Flip Flop:     640  out of    640   100%  
   Number with an unused LUT:             0  out of    640     0%  
   Number of fully used LUT-FF pairs:     0  out of    640     0%  
   Number of unique control sets:         0

IO Utilization: 
 Number of IOs:                         320
 Number of bonded IOBs:                 320  out of    210   152% (*) 

Specific Feature Utilization:
 Number of DSP48E1s:                     50  out of    240    20%  

WARNING:Xst:1336 -  (*) More than 100% of Device resources are used

---------------------------
Partition Resource Summary:
---------------------------

  No Partitions were found in this design.

---------------------------


=========================================================================
Timing Report

NOTE: THESE TIMING NUMBERS ARE ONLY A SYNTHESIS ESTIMATE.
      FOR ACCURATE TIMING INFORMATION PLEASE REFER TO THE TRACE REPORT
      GENERATED AFTER PLACE-and-ROUTE.

Clock Information:
------------------
No clock signals found in this design

Asynchronous Control Signals Information:
----------------------------------------
No asynchronous control signals found in this design

Timing Summary:
---------------
Speed Grade: -3

   Minimum period: No path found
   Minimum input arrival time before clock: No path found
   Maximum output required time after clock: No path found
   Maximum combinational path delay: 8.748ns

Timing Details:
---------------
All values displayed in nanoseconds (ns)

=========================================================================
Timing constraint: Default path analysis
  Total number of paths / destination ports: 239966740 / 160
-------------------------------------------------------------------------
Delay:               8.748ns (Levels of Logic = 24)
  Source:            x<16> (PAD)
  Destination:       y<159> (PAD)

  Data Path: x<16> to y<159>
                                Gate     Net
    Cell:in->out      fanout   Delay   Delay  Logical Name (Net Name)
    ----------------------------------------  ------------
     IBUF:I->O             5   0.001   0.298  x_16_IBUF (x_16_IBUF)
     DSP48E1:B16->PCOUT47    1   2.838   0.000  packing_loop[0].loop123.mul/Mmult_p (packing_loop[0].loop123.mul/Mmult_p_PCOUT_to_packing_loop[0].loop123.mul/Mmult_p1_PCIN_47)
     DSP48E1:PCIN47->P0    1   1.107   0.379  packing_loop[0].loop123.mul/Mmult_p1 (y_val6<0><17>)
     LUT2:I0->O            1   0.097   0.000  Madd_n0173_lut<17> (Madd_n0173_lut<17>)
     MUXCY:S->O            1   0.353   0.000  Madd_n0173_cy<17> (Madd_n0173_cy<17>)
     MUXCY:CI->O           1   0.023   0.000  Madd_n0173_cy<18> (Madd_n0173_cy<18>)
     MUXCY:CI->O           1   0.023   0.000  Madd_n0173_cy<19> (Madd_n0173_cy<19>)
     MUXCY:CI->O           1   0.023   0.000  Madd_n0173_cy<20> (Madd_n0173_cy<20>)
     MUXCY:CI->O           1   0.023   0.000  Madd_n0173_cy<21> (Madd_n0173_cy<21>)
     MUXCY:CI->O           1   0.023   0.000  Madd_n0173_cy<22> (Madd_n0173_cy<22>)
     MUXCY:CI->O           1   0.023   0.000  Madd_n0173_cy<23> (Madd_n0173_cy<23>)
     MUXCY:CI->O           1   0.023   0.000  Madd_n0173_cy<24> (Madd_n0173_cy<24>)
     MUXCY:CI->O           1   0.023   0.000  Madd_n0173_cy<25> (Madd_n0173_cy<25>)
     MUXCY:CI->O           1   0.023   0.000  Madd_n0173_cy<26> (Madd_n0173_cy<26>)
     MUXCY:CI->O           1   0.023   0.000  Madd_n0173_cy<27> (Madd_n0173_cy<27>)
     XORCY:CI->O           2   0.370   0.384  Madd_n0173_xor<28> (n0173<28>)
     LUT3:I1->O            1   0.097   0.295  ADDER_FOR_MULTADD_Madd1333 (ADDER_FOR_MULTADD_Madd1330)
     LUT4:I3->O            1   0.097   0.000  ADDER_FOR_MULTADD_Madd13_lut<0>29 (ADDER_FOR_MULTADD_Madd13_lut<0>29)
     MUXCY:S->O            1   0.353   0.000  ADDER_FOR_MULTADD_Madd13_cy<0>_28 (ADDER_FOR_MULTADD_Madd13_cy<0>29)
     XORCY:CI->O           1   0.370   0.379  ADDER_FOR_MULTADD_Madd13_xor<0>_29 (ADDER_FOR_MULTADD_Madd_3013)
     LUT2:I0->O            1   0.097   0.000  ADDER_FOR_MULTADD_Madd14_lut<30> (ADDER_FOR_MULTADD_Madd14_lut<30>)
     MUXCY:S->O            0   0.353   0.000  ADDER_FOR_MULTADD_Madd14_cy<30> (ADDER_FOR_MULTADD_Madd14_cy<30>)
     XORCY:CI->O           1   0.370   0.279  ADDER_FOR_MULTADD_Madd14_xor<31> (ADDER_FOR_MULTADD_Madd_3114)
     OBUF:I->O                 0.000          y_31_OBUF (y<31>)
    ----------------------------------------
    Total                      8.748ns (6.733ns logic, 2.015ns route)
                                       (77.0% logic, 23.0% route)

=========================================================================

Cross Clock Domains Report:
--------------------------

=========================================================================


Total REAL time to Xst completion: 21.00 secs
Total CPU time to Xst completion: 20.88 secs
 
--> 

Total memory usage is 416024 kilobytes

Number of errors   :    0 (   0 filtered)
Number of warnings :    1 (   0 filtered)
Number of infos    :    0 (   0 filtered)

